// Jest Snapshot v1, https://goo.gl/fbAQLP

exports[`Fragment match snapshot 1`] = `
<DocumentFragment>
  <div
    class="px-4 py-2 bg-blue-50"
  >
    <div
      data-testid="text"
    >
      himanshu
    </div>
    <div
      data-testid="like"
    >
       10 
    </div>
  </div>
</DocumentFragment>
`;
